../Core/Src/main.c:167:6:HAL_GPIO_EXTI_Callback	16	static
../Core/Src/main.c:223:6:HAL_UART_RxCpltCallback	16	static
../Core/Src/main.c:238:6:uart_decoder	64	static
../Core/Src/main.c:378:6:Polling_Buttons	8	static
../Core/Src/main.c:421:6:motor_pos_init	8	static
../Core/Src/main.c:478:6:Stop_All	8	static
../Core/Src/main.c:497:5:main	16	static
../Core/Src/main.c:657:6:SystemClock_Config	88	static
../Core/Src/main.c:705:13:MX_UART5_Init	8	static
../Core/Src/main.c:738:13:MX_GPIO_Init	64	static
../Core/Src/main.c:909:6:Emergency_Stop	8	static
../Core/Src/main.c:918:6:LED_Sequence_01	8	static
../Core/Src/main.c:1002:6:LED_Sequence_02	24	static
../Core/Src/main.c:1233:6:LED_Sequence_04	8	static
../Core/Src/main.c:1293:6:LED_Sequence_stop	8	static
../Core/Src/main.c:1327:6:sw_test	8	static
../Core/Src/main.c:1336:6:add_port_test	8	static
../Core/Src/main.c:1366:6:solV_1_ON	8	static
../Core/Src/main.c:1367:6:solV_1_OFF	8	static
../Core/Src/main.c:1368:6:solV_2_ON	8	static
../Core/Src/main.c:1369:6:solV_2_OFF	8	static
../Core/Src/main.c:1370:6:solV_3_ON	8	static
../Core/Src/main.c:1371:6:solV_3_OFF	8	static
../Core/Src/main.c:1372:6:solV_4_ON	8	static
../Core/Src/main.c:1373:6:solV_4_OFF	8	static
../Core/Src/main.c:1374:6:solV_5_ON	8	static
../Core/Src/main.c:1375:6:solV_5_OFF	8	static
../Core/Src/main.c:1376:6:solV_6_ON	8	static
../Core/Src/main.c:1377:6:solV_6_OFF	8	static
../Core/Src/main.c:1381:6:solV_7_ON	8	static
../Core/Src/main.c:1382:6:solV_7_OFF	8	static
../Core/Src/main.c:1383:6:solV_8_ON	8	static
../Core/Src/main.c:1384:6:solV_8_OFF	8	static
../Core/Src/main.c:1388:6:solV_9_ON	8	static
../Core/Src/main.c:1389:6:solV_9_OFF	8	static
../Core/Src/main.c:1391:6:solV_10_ON	8	static
../Core/Src/main.c:1392:6:solV_10_OFF	8	static
../Core/Src/main.c:1393:6:solV_11_ON	8	static
../Core/Src/main.c:1394:6:solV_11_OFF	8	static
../Core/Src/main.c:1398:6:solV_12_ON	8	static
../Core/Src/main.c:1399:6:solV_12_OFF	8	static
../Core/Src/main.c:1400:6:solV_13_ON	8	static
../Core/Src/main.c:1401:6:solV_13_OFF	8	static
../Core/Src/main.c:1402:6:solV_14_ON	8	static
../Core/Src/main.c:1403:6:solV_14_OFF	8	static
../Core/Src/main.c:1404:6:solV_15_ON	8	static
../Core/Src/main.c:1405:6:solV_15_OFF	8	static
../Core/Src/main.c:1406:6:solV_16_ON	8	static
../Core/Src/main.c:1407:6:solV_16_OFF	8	static
../Core/Src/main.c:1408:6:solV_17_ON	8	static
../Core/Src/main.c:1409:6:solV_17_OFF	8	static
../Core/Src/main.c:1410:6:solV_18_ON	8	static
../Core/Src/main.c:1411:6:solV_18_OFF	8	static
../Core/Src/main.c:1413:6:solV_blow_ON	8	static
../Core/Src/main.c:1414:6:solV_blow_OFF	8	static
../Core/Src/main.c:1415:6:solV_blow_Hair_ON	8	static
../Core/Src/main.c:1416:6:solV_blow_Hair_OFF	8	static
../Core/Src/main.c:1418:6:solV_Grab_ON	8	static
../Core/Src/main.c:1419:6:solV_Grab_OFF	8	static
../Core/Src/main.c:1428:6:Error_Handler	4	static,ignoring_inline_asm
